2026-08-11 07:14:06.376: [INFO] CurrentProfilePath: C:\fullstack\src\spring\.metadata\.plugins\org.eclipse.swt\EBWebView\Default
2026-08-11 07:14:06.376: [INFO] Profiles total count: 1
2026-08-11 07:14:06.376: [INFO] Profile: name=프로필 1 path=C:\fullstack\src\spring\.metadata\.plugins\org.eclipse.swt\EBWebView\Default lastActive=null
2026-08-11 07:14:06.376: [INFO] LastUsedProfileDir: C:\fullstack\src\spring\.metadata\.plugins\org.eclipse.swt\EBWebView\Default
2026-08-11 07:14:06.376: [INFO] OnDoneLoading sync enabled: 0
2026-08-11 07:14:06.376: [INFO] BookmarkModelLoaded, ids_reassigned: 0
2026-08-11 07:14:06.376: [INFO] BookmarksLoadDropped droppedNodes=0
2026-08-11 07:14:06.376: [INFO] BookmarksSnapshot Startup total=0 bar=0 other=0 mobile=0 showBar=0 showBarNTP=1
2026-08-11 08:39:06.705: [INFO] BookmarksSnapshot Shutdown total=0 bar=0 other=0 mobile=0 showBar=0 showBarNTP=1
2026-08-12 01:51:01.010: [INFO] CurrentProfilePath: C:\fullstack\src\spring\.metadata\.plugins\org.eclipse.swt\EBWebView\Default
2026-08-12 01:51:01.010: [INFO] Profiles total count: 1
2026-08-12 01:51:01.010: [INFO] Profile: name=프로필 1 path=C:\fullstack\src\spring\.metadata\.plugins\org.eclipse.swt\EBWebView\Default lastActive=null
2026-08-12 01:51:01.010: [INFO] LastUsedProfileDir: C:\fullstack\src\spring\.metadata\.plugins\org.eclipse.swt\EBWebView\Default
2026-08-12 01:51:01.010: [INFO] OnDoneLoading sync enabled: 0
2026-08-12 01:51:01.010: [INFO] BookmarkModelLoaded, ids_reassigned: 0
2026-08-12 01:51:01.010: [INFO] BookmarksLoadDropped droppedNodes=0
2026-08-12 01:51:01.010: [INFO] BookmarksSnapshot Startup total=0 bar=0 other=0 mobile=0 showBar=0 showBarNTP=1
2026-08-12 04:53:49.699: [INFO] BookmarksSnapshot Shutdown total=0 bar=0 other=0 mobile=0 showBar=0 showBarNTP=1
2026-08-12 05:02:14.038: [INFO] CurrentProfilePath: C:\fullstack\src\spring\.metadata\.plugins\org.eclipse.swt\EBWebView\Default
2026-08-12 05:02:14.038: [INFO] Profiles total count: 1
2026-08-12 05:02:14.038: [INFO] Profile: name=프로필 1 path=C:\fullstack\src\spring\.metadata\.plugins\org.eclipse.swt\EBWebView\Default lastActive=null
2026-08-12 05:02:14.038: [INFO] LastUsedProfileDir: C:\fullstack\src\spring\.metadata\.plugins\org.eclipse.swt\EBWebView\Default
2026-08-12 05:02:14.038: [INFO] OnDoneLoading sync enabled: 0
2026-08-12 05:02:14.038: [INFO] BookmarkModelLoaded, ids_reassigned: 0
2026-08-12 05:02:14.038: [INFO] BookmarksLoadDropped droppedNodes=0
2026-08-12 05:02:14.038: [INFO] BookmarksSnapshot Startup total=0 bar=0 other=0 mobile=0 showBar=0 showBarNTP=1
2026-08-12 05:02:21.523: [INFO] BookmarksSnapshot Shutdown total=0 bar=0 other=0 mobile=0 showBar=0 showBarNTP=1
2026-08-12 05:03:42.773: [INFO] CurrentProfilePath: C:\fullstack\src\spring\.metadata\.plugins\org.eclipse.swt\EBWebView\Default
2026-08-12 05:03:42.773: [INFO] Profiles total count: 1
2026-08-12 05:03:42.773: [INFO] Profile: name=프로필 1 path=C:\fullstack\src\spring\.metadata\.plugins\org.eclipse.swt\EBWebView\Default lastActive=null
2026-08-12 05:03:42.773: [INFO] LastUsedProfileDir: C:\fullstack\src\spring\.metadata\.plugins\org.eclipse.swt\EBWebView\Default
2026-08-12 05:03:42.773: [INFO] OnDoneLoading sync enabled: 0
2026-08-12 05:03:42.773: [INFO] BookmarkModelLoaded, ids_reassigned: 0
2026-08-12 05:03:42.773: [INFO] BookmarksLoadDropped droppedNodes=0
2026-08-12 05:03:42.773: [INFO] BookmarksSnapshot Startup total=0 bar=0 other=0 mobile=0 showBar=0 showBarNTP=1
2026-08-12 05:04:29.803: [INFO] BookmarksSnapshot Shutdown total=0 bar=0 other=0 mobile=0 showBar=0 showBarNTP=1
2026-08-12 06:04:07.566: [INFO] CurrentProfilePath: C:\fullstack\src\spring\.metadata\.plugins\org.eclipse.swt\EBWebView\Default
2026-08-12 06:04:07.566: [INFO] Profiles total count: 1
2026-08-12 06:04:07.566: [INFO] Profile: name=프로필 1 path=C:\fullstack\src\spring\.metadata\.plugins\org.eclipse.swt\EBWebView\Default lastActive=null
2026-08-12 06:04:07.566: [INFO] LastUsedProfileDir: C:\fullstack\src\spring\.metadata\.plugins\org.eclipse.swt\EBWebView\Default
2026-08-12 06:04:07.566: [INFO] OnDoneLoading sync enabled: 0
2026-08-12 06:04:07.566: [INFO] BookmarkModelLoaded, ids_reassigned: 0
2026-08-12 06:04:07.566: [INFO] BookmarksLoadDropped droppedNodes=0
2026-08-12 06:04:07.566: [INFO] BookmarksSnapshot Startup total=0 bar=0 other=0 mobile=0 showBar=0 showBarNTP=1
2026-08-12 06:04:07.685: [INFO] BookmarksSnapshot Shutdown total=0 bar=0 other=0 mobile=0 showBar=0 showBarNTP=1
2026-08-12 06:04:35.725: [INFO] CurrentProfilePath: C:\fullstack\src\spring\.metadata\.plugins\org.eclipse.swt\EBWebView\Default
2026-08-12 06:04:35.725: [INFO] Profiles total count: 1
2026-08-12 06:04:35.725: [INFO] Profile: name=프로필 1 path=C:\fullstack\src\spring\.metadata\.plugins\org.eclipse.swt\EBWebView\Default lastActive=null
2026-08-12 06:04:35.725: [INFO] LastUsedProfileDir: C:\fullstack\src\spring\.metadata\.plugins\org.eclipse.swt\EBWebView\Default
2026-08-12 06:04:35.725: [INFO] OnDoneLoading sync enabled: 0
2026-08-12 06:04:35.725: [INFO] BookmarkModelLoaded, ids_reassigned: 0
2026-08-12 06:04:35.725: [INFO] BookmarksLoadDropped droppedNodes=0
2026-08-12 06:04:35.725: [INFO] BookmarksSnapshot Startup total=0 bar=0 other=0 mobile=0 showBar=0 showBarNTP=1
2026-08-12 06:04:35.839: [INFO] BookmarksSnapshot Shutdown total=0 bar=0 other=0 mobile=0 showBar=0 showBarNTP=1
2026-08-12 06:57:42.985: [INFO] CurrentProfilePath: C:\fullstack\src\spring\.metadata\.plugins\org.eclipse.swt\EBWebView\Default
2026-08-12 06:57:42.985: [INFO] Profiles total count: 1
2026-08-12 06:57:42.985: [INFO] Profile: name=프로필 1 path=C:\fullstack\src\spring\.metadata\.plugins\org.eclipse.swt\EBWebView\Default lastActive=null
2026-08-12 06:57:42.985: [INFO] LastUsedProfileDir: C:\fullstack\src\spring\.metadata\.plugins\org.eclipse.swt\EBWebView\Default
2026-08-12 06:57:42.985: [INFO] OnDoneLoading sync enabled: 0
2026-08-12 06:57:42.985: [INFO] BookmarkModelLoaded, ids_reassigned: 0
2026-08-12 06:57:42.985: [INFO] BookmarksLoadDropped droppedNodes=0
2026-08-12 06:57:42.985: [INFO] BookmarksSnapshot Startup total=0 bar=0 other=0 mobile=0 showBar=0 showBarNTP=1
2026-08-12 07:00:17.551: [INFO] BookmarksSnapshot Shutdown total=0 bar=0 other=0 mobile=0 showBar=0 showBarNTP=1
2026-08-12 07:06:29.513: [INFO] CurrentProfilePath: C:\fullstack\src\spring\.metadata\.plugins\org.eclipse.swt\EBWebView\Default
2026-08-12 07:06:29.513: [INFO] Profiles total count: 1
2026-08-12 07:06:29.514: [INFO] Profile: name=프로필 1 path=C:\fullstack\src\spring\.metadata\.plugins\org.eclipse.swt\EBWebView\Default lastActive=null
2026-08-12 07:06:29.514: [INFO] LastUsedProfileDir: C:\fullstack\src\spring\.metadata\.plugins\org.eclipse.swt\EBWebView\Default
2026-08-12 07:06:29.514: [INFO] OnDoneLoading sync enabled: 0
2026-08-12 07:06:29.514: [INFO] BookmarkModelLoaded, ids_reassigned: 0
2026-08-12 07:06:29.514: [INFO] BookmarksLoadDropped droppedNodes=0
2026-08-12 07:06:29.514: [INFO] BookmarksSnapshot Startup total=0 bar=0 other=0 mobile=0 showBar=0 showBarNTP=1
2026-08-12 07:08:04.263: [INFO] BookmarksSnapshot Shutdown total=0 bar=0 other=0 mobile=0 showBar=0 showBarNTP=1
2026-08-12 07:08:14.816: [INFO] CurrentProfilePath: C:\fullstack\src\spring\.metadata\.plugins\org.eclipse.swt\EBWebView\Default
2026-08-12 07:08:14.816: [INFO] Profiles total count: 1
2026-08-12 07:08:14.816: [INFO] Profile: name=프로필 1 path=C:\fullstack\src\spring\.metadata\.plugins\org.eclipse.swt\EBWebView\Default lastActive=2026-08-12T07:07:30.108Z
2026-08-12 07:08:14.816: [INFO] LastUsedProfileDir: C:\fullstack\src\spring\.metadata\.plugins\org.eclipse.swt\EBWebView\Default
2026-08-12 07:08:14.816: [INFO] MostRecentlyActiveProfile: name=프로필 1 path=C:\fullstack\src\spring\.metadata\.plugins\org.eclipse.swt\EBWebView\Default lastActive=2026-08-12T07:07:30.108Z
2026-08-12 07:08:14.816: [INFO] OnDoneLoading sync enabled: 0
2026-08-12 07:08:14.816: [INFO] BookmarkModelLoaded, ids_reassigned: 0
2026-08-12 07:08:14.816: [INFO] BookmarksLoadDropped droppedNodes=0
2026-08-12 07:08:14.816: [INFO] BookmarksSnapshot Startup total=0 bar=0 other=0 mobile=0 showBar=0 showBarNTP=1
2026-08-12 07:09:02.119: [INFO] BookmarksSnapshot Shutdown total=0 bar=0 other=0 mobile=0 showBar=0 showBarNTP=1
2026-08-12 07:10:45.922: [INFO] CurrentProfilePath: C:\fullstack\src\spring\.metadata\.plugins\org.eclipse.swt\EBWebView\Default
2026-08-12 07:10:45.922: [INFO] Profiles total count: 1
2026-08-12 07:10:45.922: [INFO] Profile: name=프로필 1 path=C:\fullstack\src\spring\.metadata\.plugins\org.eclipse.swt\EBWebView\Default lastActive=2026-08-12T07:07:30.108Z
2026-08-12 07:10:45.922: [INFO] LastUsedProfileDir: C:\fullstack\src\spring\.metadata\.plugins\org.eclipse.swt\EBWebView\Default
2026-08-12 07:10:45.922: [INFO] MostRecentlyActiveProfile: name=프로필 1 path=C:\fullstack\src\spring\.metadata\.plugins\org.eclipse.swt\EBWebView\Default lastActive=2026-08-12T07:07:30.108Z
2026-08-12 07:10:45.922: [INFO] OnDoneLoading sync enabled: 0
2026-08-12 07:10:45.922: [INFO] BookmarkModelLoaded, ids_reassigned: 0
2026-08-12 07:10:45.922: [INFO] BookmarksLoadDropped droppedNodes=0
2026-08-12 07:10:45.923: [INFO] BookmarksSnapshot Startup total=0 bar=0 other=0 mobile=0 showBar=0 showBarNTP=1
2026-08-12 07:17:37.130: [INFO] BookmarksSnapshot Shutdown total=0 bar=0 other=0 mobile=0 showBar=0 showBarNTP=1
2026-08-12 07:22:24.183: [INFO] CurrentProfilePath: C:\fullstack\src\spring\.metadata\.plugins\org.eclipse.swt\EBWebView\Default
2026-08-12 07:22:24.183: [INFO] Profiles total count: 1
2026-08-12 07:22:24.184: [INFO] Profile: name=프로필 1 path=C:\fullstack\src\spring\.metadata\.plugins\org.eclipse.swt\EBWebView\Default lastActive=2026-08-12T07:07:30.108Z
2026-08-12 07:22:24.184: [INFO] LastUsedProfileDir: C:\fullstack\src\spring\.metadata\.plugins\org.eclipse.swt\EBWebView\Default
2026-08-12 07:22:24.184: [INFO] MostRecentlyActiveProfile: name=프로필 1 path=C:\fullstack\src\spring\.metadata\.plugins\org.eclipse.swt\EBWebView\Default lastActive=2026-08-12T07:07:30.108Z
2026-08-12 07:22:24.184: [INFO] OnDoneLoading sync enabled: 0
2026-08-12 07:22:24.184: [INFO] BookmarkModelLoaded, ids_reassigned: 0
2026-08-12 07:22:24.184: [INFO] BookmarksLoadDropped droppedNodes=0
2026-08-12 07:22:24.184: [INFO] BookmarksSnapshot Startup total=0 bar=0 other=0 mobile=0 showBar=0 showBarNTP=1
2026-08-12 07:22:25.255: [INFO] BookmarksSnapshot Shutdown total=0 bar=0 other=0 mobile=0 showBar=0 showBarNTP=1
2026-08-12 07:24:12.344: [INFO] CurrentProfilePath: C:\fullstack\src\spring\.metadata\.plugins\org.eclipse.swt\EBWebView\Default
2026-08-12 07:24:12.344: [INFO] Profiles total count: 1
2026-08-12 07:24:12.344: [INFO] Profile: name=프로필 1 path=C:\fullstack\src\spring\.metadata\.plugins\org.eclipse.swt\EBWebView\Default lastActive=2026-08-12T07:07:30.108Z
2026-08-12 07:24:12.344: [INFO] LastUsedProfileDir: C:\fullstack\src\spring\.metadata\.plugins\org.eclipse.swt\EBWebView\Default
2026-08-12 07:24:12.345: [INFO] MostRecentlyActiveProfile: name=프로필 1 path=C:\fullstack\src\spring\.metadata\.plugins\org.eclipse.swt\EBWebView\Default lastActive=2026-08-12T07:07:30.108Z
2026-08-12 07:24:12.345: [INFO] OnDoneLoading sync enabled: 0
2026-08-12 07:24:12.345: [INFO] BookmarkModelLoaded, ids_reassigned: 0
2026-08-12 07:24:12.345: [INFO] BookmarksLoadDropped droppedNodes=0
2026-08-12 07:24:12.345: [INFO] BookmarksSnapshot Startup total=0 bar=0 other=0 mobile=0 showBar=0 showBarNTP=1
2026-08-12 07:24:12.457: [INFO] BookmarksSnapshot Shutdown total=0 bar=0 other=0 mobile=0 showBar=0 showBarNTP=1
2026-08-13 00:10:57.557: [INFO] CurrentProfilePath: C:\fullstack\src\spring\.metadata\.plugins\org.eclipse.swt\EBWebView\Default
2026-08-13 00:10:57.557: [INFO] Profiles total count: 1
2026-08-13 00:10:57.557: [INFO] Profile: name=프로필 1 path=C:\fullstack\src\spring\.metadata\.plugins\org.eclipse.swt\EBWebView\Default lastActive=2026-08-12T07:07:30.108Z
2026-08-13 00:10:57.557: [INFO] LastUsedProfileDir: C:\fullstack\src\spring\.metadata\.plugins\org.eclipse.swt\EBWebView\Default
2026-08-13 00:10:57.557: [INFO] MostRecentlyActiveProfile: name=프로필 1 path=C:\fullstack\src\spring\.metadata\.plugins\org.eclipse.swt\EBWebView\Default lastActive=2026-08-12T07:07:30.108Z
2026-08-13 00:10:57.557: [INFO] OnDoneLoading sync enabled: 0
2026-08-13 00:10:57.557: [INFO] BookmarkModelLoaded, ids_reassigned: 0
2026-08-13 00:10:57.557: [INFO] BookmarksLoadDropped droppedNodes=0
2026-08-13 00:10:57.557: [INFO] BookmarksSnapshot Startup total=0 bar=0 other=0 mobile=0 showBar=0 showBarNTP=1
2026-08-13 00:10:57.892: [INFO] BookmarksSnapshot Shutdown total=0 bar=0 other=0 mobile=0 showBar=0 showBarNTP=1
2026-08-13 00:11:19.714: [INFO] CurrentProfilePath: C:\fullstack\src\spring\.metadata\.plugins\org.eclipse.swt\EBWebView\Default
2026-08-13 00:11:19.714: [INFO] Profiles total count: 1
2026-08-13 00:11:19.714: [INFO] Profile: name=프로필 1 path=C:\fullstack\src\spring\.metadata\.plugins\org.eclipse.swt\EBWebView\Default lastActive=2026-08-12T07:07:30.108Z
2026-08-13 00:11:19.714: [INFO] LastUsedProfileDir: C:\fullstack\src\spring\.metadata\.plugins\org.eclipse.swt\EBWebView\Default
2026-08-13 00:11:19.715: [INFO] MostRecentlyActiveProfile: name=프로필 1 path=C:\fullstack\src\spring\.metadata\.plugins\org.eclipse.swt\EBWebView\Default lastActive=2026-08-12T07:07:30.108Z
2026-08-13 00:11:19.715: [INFO] OnDoneLoading sync enabled: 0
2026-08-13 00:11:19.715: [INFO] BookmarkModelLoaded, ids_reassigned: 0
2026-08-13 00:11:19.715: [INFO] BookmarksLoadDropped droppedNodes=0
2026-08-13 00:11:19.715: [INFO] BookmarksSnapshot Startup total=0 bar=0 other=0 mobile=0 showBar=0 showBarNTP=1
2026-08-13 00:11:19.832: [INFO] BookmarksSnapshot Shutdown total=0 bar=0 other=0 mobile=0 showBar=0 showBarNTP=1
